[2025-09-25T20:07:48.958-0600][gc] Using G1
[2025-09-25T20:07:48.963-0600][gc,init] Version: 17.0.16+8-LTS (release)
[2025-09-25T20:07:48.963-0600][gc,init] CPUs: 8 total, 8 available
[2025-09-25T20:07:48.963-0600][gc,init] Memory: 8192M
[2025-09-25T20:07:48.963-0600][gc,init] Large Page Support: Disabled
[2025-09-25T20:07:48.963-0600][gc,init] NUMA Support: Disabled
[2025-09-25T20:07:48.963-0600][gc,init] Compressed Oops: Enabled (Zero based)
[2025-09-25T20:07:48.963-0600][gc,init] Heap Region Size: 1M
[2025-09-25T20:07:48.963-0600][gc,init] Heap Min Capacity: 1G
[2025-09-25T20:07:48.963-0600][gc,init] Heap Initial Capacity: 1G
[2025-09-25T20:07:48.963-0600][gc,init] Heap Max Capacity: 1G
[2025-09-25T20:07:48.963-0600][gc,init] Pre-touch: Disabled
[2025-09-25T20:07:48.963-0600][gc,init] Parallel Workers: 8
[2025-09-25T20:07:48.963-0600][gc,init] Concurrent Workers: 2
[2025-09-25T20:07:48.963-0600][gc,init] Concurrent Refinement Workers: 8
[2025-09-25T20:07:48.963-0600][gc,init] Periodic GC: Disabled
[2025-09-25T20:07:48.969-0600][gc,metaspace] CDS archive(s) mapped at: [0x000000012c000000-0x000000012cbed000-0x000000012cbed000), size 12505088, SharedBaseAddress: 0x000000012c000000, ArchiveRelocationMode: 1.
[2025-09-25T20:07:48.969-0600][gc,metaspace] Compressed class space mapped at: 0x000000012d000000-0x000000016d000000, reserved size: 1073741824
[2025-09-25T20:07:48.969-0600][gc,metaspace] Narrow klass base: 0x000000012c000000, Narrow klass shift: 0, Narrow klass range: 0x100000000
[2025-09-25T20:07:50.180-0600][gc,start    ] GC(0) Pause Young (Normal) (G1 Evacuation Pause)
[2025-09-25T20:07:50.181-0600][gc,task     ] GC(0) Using 8 workers of 8 for evacuation
[2025-09-25T20:07:50.192-0600][gc,phases   ] GC(0)   Pre Evacuate Collection Set: 0.1ms
[2025-09-25T20:07:50.192-0600][gc,phases   ] GC(0)   Merge Heap Roots: 0.1ms
[2025-09-25T20:07:50.192-0600][gc,phases   ] GC(0)   Evacuate Collection Set: 10.1ms
[2025-09-25T20:07:50.192-0600][gc,phases   ] GC(0)   Post Evacuate Collection Set: 0.3ms
[2025-09-25T20:07:50.192-0600][gc,phases   ] GC(0)   Other: 1.1ms
[2025-09-25T20:07:50.192-0600][gc,heap     ] GC(0) Eden regions: 51->0(44)
[2025-09-25T20:07:50.192-0600][gc,heap     ] GC(0) Survivor regions: 0->7(7)
[2025-09-25T20:07:50.192-0600][gc,heap     ] GC(0) Old regions: 0->2
[2025-09-25T20:07:50.192-0600][gc,heap     ] GC(0) Archive regions: 2->2
[2025-09-25T20:07:50.192-0600][gc,heap     ] GC(0) Humongous regions: 0->0
[2025-09-25T20:07:50.193-0600][gc,metaspace] GC(0) Metaspace: 18683K(18880K)->18683K(18880K) NonClass: 16651K(16768K)->16651K(16768K) Class: 2031K(2112K)->2031K(2112K)
[2025-09-25T20:07:50.193-0600][gc          ] GC(0) Pause Young (Normal) (G1 Evacuation Pause) 51M->9M(1024M) 12.345ms
[2025-09-25T20:07:50.193-0600][gc,cpu      ] GC(0) User=0.03s Sys=0.01s Real=0.01s
[2025-09-25T20:07:50.487-0600][gc,start    ] GC(1) Pause Young (Concurrent Start) (Metadata GC Threshold)
[2025-09-25T20:07:50.487-0600][gc,task     ] GC(1) Using 8 workers of 8 for evacuation
[2025-09-25T20:07:50.495-0600][gc,phases   ] GC(1)   Pre Evacuate Collection Set: 0.1ms
[2025-09-25T20:07:50.495-0600][gc,phases   ] GC(1)   Merge Heap Roots: 0.0ms
[2025-09-25T20:07:50.495-0600][gc,phases   ] GC(1)   Evacuate Collection Set: 7.7ms
[2025-09-25T20:07:50.495-0600][gc,phases   ] GC(1)   Post Evacuate Collection Set: 0.3ms
[2025-09-25T20:07:50.495-0600][gc,phases   ] GC(1)   Other: 0.2ms
[2025-09-25T20:07:50.495-0600][gc,heap     ] GC(1) Eden regions: 13->0(49)
[2025-09-25T20:07:50.495-0600][gc,heap     ] GC(1) Survivor regions: 7->2(7)
[2025-09-25T20:07:50.495-0600][gc,heap     ] GC(1) Old regions: 2->8
[2025-09-25T20:07:50.495-0600][gc,heap     ] GC(1) Archive regions: 2->2
[2025-09-25T20:07:50.495-0600][gc,heap     ] GC(1) Humongous regions: 0->0
[2025-09-25T20:07:50.495-0600][gc,metaspace] GC(1) Metaspace: 21322K(21504K)->21322K(21504K) NonClass: 18934K(19008K)->18934K(19008K) Class: 2388K(2496K)->2388K(2496K)
[2025-09-25T20:07:50.495-0600][gc          ] GC(1) Pause Young (Concurrent Start) (Metadata GC Threshold) 21M->10M(1024M) 8.510ms
[2025-09-25T20:07:50.495-0600][gc,cpu      ] GC(1) User=0.02s Sys=0.01s Real=0.01s
[2025-09-25T20:07:50.496-0600][gc          ] GC(2) Concurrent Mark Cycle
[2025-09-25T20:07:50.496-0600][gc,marking  ] GC(2) Concurrent Clear Claimed Marks
[2025-09-25T20:07:50.496-0600][gc,marking  ] GC(2) Concurrent Clear Claimed Marks 0.013ms
[2025-09-25T20:07:50.496-0600][gc,marking  ] GC(2) Concurrent Scan Root Regions
[2025-09-25T20:07:50.500-0600][gc,marking  ] GC(2) Concurrent Scan Root Regions 4.175ms
[2025-09-25T20:07:50.500-0600][gc,marking  ] GC(2) Concurrent Mark
[2025-09-25T20:07:50.500-0600][gc,marking  ] GC(2) Concurrent Mark From Roots
[2025-09-25T20:07:50.500-0600][gc,task     ] GC(2) Using 2 workers of 2 for marking
[2025-09-25T20:07:50.502-0600][gc,marking  ] GC(2) Concurrent Mark From Roots 2.166ms
[2025-09-25T20:07:50.503-0600][gc,marking  ] GC(2) Concurrent Preclean
[2025-09-25T20:07:50.503-0600][gc,marking  ] GC(2) Concurrent Preclean 0.032ms
[2025-09-25T20:07:50.503-0600][gc,start    ] GC(2) Pause Remark
[2025-09-25T20:07:50.509-0600][gc          ] GC(2) Pause Remark 11M->11M(1024M) 6.115ms
[2025-09-25T20:07:50.509-0600][gc,cpu      ] GC(2) User=0.01s Sys=0.01s Real=0.00s
[2025-09-25T20:07:50.509-0600][gc,marking  ] GC(2) Concurrent Mark 8.758ms
[2025-09-25T20:07:50.509-0600][gc,marking  ] GC(2) Concurrent Rebuild Remembered Sets
[2025-09-25T20:07:50.509-0600][gc,marking  ] GC(2) Concurrent Rebuild Remembered Sets 0.007ms
[2025-09-25T20:07:50.509-0600][gc,start    ] GC(2) Pause Cleanup
[2025-09-25T20:07:50.509-0600][gc          ] GC(2) Pause Cleanup 11M->11M(1024M) 0.015ms
[2025-09-25T20:07:50.509-0600][gc,cpu      ] GC(2) User=0.00s Sys=0.00s Real=0.00s
[2025-09-25T20:07:50.509-0600][gc,marking  ] GC(2) Concurrent Cleanup for Next Mark
[2025-09-25T20:07:50.512-0600][gc,marking  ] GC(2) Concurrent Cleanup for Next Mark 2.835ms
[2025-09-25T20:07:50.512-0600][gc          ] GC(2) Concurrent Mark Cycle 16.478ms
[2025-09-25T20:07:51.284-0600][gc,start    ] GC(3) Pause Young (Normal) (G1 Evacuation Pause)
[2025-09-25T20:07:51.284-0600][gc,task     ] GC(3) Using 8 workers of 8 for evacuation
[2025-09-25T20:07:51.287-0600][gc,phases   ] GC(3)   Pre Evacuate Collection Set: 0.1ms
[2025-09-25T20:07:51.287-0600][gc,phases   ] GC(3)   Merge Heap Roots: 0.0ms
[2025-09-25T20:07:51.287-0600][gc,phases   ] GC(3)   Evacuate Collection Set: 2.2ms
[2025-09-25T20:07:51.287-0600][gc,phases   ] GC(3)   Post Evacuate Collection Set: 0.2ms
[2025-09-25T20:07:51.287-0600][gc,phases   ] GC(3)   Other: 1.2ms
[2025-09-25T20:07:51.287-0600][gc,heap     ] GC(3) Eden regions: 49->0(48)
[2025-09-25T20:07:51.287-0600][gc,heap     ] GC(3) Survivor regions: 2->3(7)
[2025-09-25T20:07:51.287-0600][gc,heap     ] GC(3) Old regions: 8->8
[2025-09-25T20:07:51.287-0600][gc,heap     ] GC(3) Archive regions: 2->2
[2025-09-25T20:07:51.287-0600][gc,heap     ] GC(3) Humongous regions: 9->9
[2025-09-25T20:07:51.287-0600][gc,metaspace] GC(3) Metaspace: 28737K(29056K)->28737K(29056K) NonClass: 25462K(25664K)->25462K(25664K) Class: 3274K(3392K)->3274K(3392K)
[2025-09-25T20:07:51.287-0600][gc          ] GC(3) Pause Young (Normal) (G1 Evacuation Pause) 68M->20M(1024M) 2.876ms
[2025-09-25T20:07:51.287-0600][gc,cpu      ] GC(3) User=0.02s Sys=0.00s Real=0.00s
[2025-09-25T20:07:52.276-0600][gc,start    ] GC(4) Pause Young (Normal) (G1 Evacuation Pause)
[2025-09-25T20:07:52.276-0600][gc,task     ] GC(4) Using 8 workers of 8 for evacuation
[2025-09-25T20:07:52.282-0600][gc,phases   ] GC(4)   Pre Evacuate Collection Set: 0.1ms
[2025-09-25T20:07:52.282-0600][gc,phases   ] GC(4)   Merge Heap Roots: 0.0ms
[2025-09-25T20:07:52.282-0600][gc,phases   ] GC(4)   Evacuate Collection Set: 5.0ms
[2025-09-25T20:07:52.282-0600][gc,phases   ] GC(4)   Post Evacuate Collection Set: 0.3ms
[2025-09-25T20:07:52.282-0600][gc,phases   ] GC(4)   Other: 0.1ms
[2025-09-25T20:07:52.282-0600][gc,heap     ] GC(4) Eden regions: 48->0(44)
[2025-09-25T20:07:52.282-0600][gc,heap     ] GC(4) Survivor regions: 3->7(7)
[2025-09-25T20:07:52.282-0600][gc,heap     ] GC(4) Old regions: 8->8
[2025-09-25T20:07:52.282-0600][gc,heap     ] GC(4) Archive regions: 2->2
[2025-09-25T20:07:52.282-0600][gc,heap     ] GC(4) Humongous regions: 9->9
[2025-09-25T20:07:52.282-0600][gc,metaspace] GC(4) Metaspace: 35219K(35584K)->35219K(35584K) NonClass: 31364K(31552K)->31364K(31552K) Class: 3854K(4032K)->3854K(4032K)
[2025-09-25T20:07:52.282-0600][gc          ] GC(4) Pause Young (Normal) (G1 Evacuation Pause) 68M->24M(1024M) 5.684ms
[2025-09-25T20:07:52.282-0600][gc,cpu      ] GC(4) User=0.02s Sys=0.01s Real=0.01s
[2025-09-25T20:07:52.470-0600][gc,start    ] GC(5) Pause Young (Concurrent Start) (Metadata GC Threshold)
[2025-09-25T20:07:52.470-0600][gc,task     ] GC(5) Using 8 workers of 8 for evacuation
[2025-09-25T20:07:52.475-0600][gc,phases   ] GC(5)   Pre Evacuate Collection Set: 0.1ms
[2025-09-25T20:07:52.475-0600][gc,phases   ] GC(5)   Merge Heap Roots: 0.0ms
[2025-09-25T20:07:52.475-0600][gc,phases   ] GC(5)   Evacuate Collection Set: 5.0ms
[2025-09-25T20:07:52.475-0600][gc,phases   ] GC(5)   Post Evacuate Collection Set: 0.2ms
[2025-09-25T20:07:52.475-0600][gc,phases   ] GC(5)   Other: 0.1ms
[2025-09-25T20:07:52.475-0600][gc,heap     ] GC(5) Eden regions: 7->0(49)
[2025-09-25T20:07:52.475-0600][gc,heap     ] GC(5) Survivor regions: 7->2(7)
[2025-09-25T20:07:52.475-0600][gc,heap     ] GC(5) Old regions: 8->15
[2025-09-25T20:07:52.475-0600][gc,heap     ] GC(5) Archive regions: 2->2
[2025-09-25T20:07:52.475-0600][gc,heap     ] GC(5) Humongous regions: 138->138
[2025-09-25T20:07:52.475-0600][gc,metaspace] GC(5) Metaspace: 35683K(35968K)->35683K(35968K) NonClass: 31772K(31936K)->31772K(31936K) Class: 3911K(4032K)->3911K(4032K)
[2025-09-25T20:07:52.475-0600][gc          ] GC(5) Pause Young (Concurrent Start) (Metadata GC Threshold) 160M->154M(1024M) 5.620ms
[2025-09-25T20:07:52.475-0600][gc,cpu      ] GC(5) User=0.02s Sys=0.00s Real=0.00s
[2025-09-25T20:07:52.475-0600][gc          ] GC(6) Concurrent Mark Cycle
[2025-09-25T20:07:52.475-0600][gc,marking  ] GC(6) Concurrent Clear Claimed Marks
[2025-09-25T20:07:52.475-0600][gc,marking  ] GC(6) Concurrent Clear Claimed Marks 0.023ms
[2025-09-25T20:07:52.475-0600][gc,marking  ] GC(6) Concurrent Scan Root Regions
[2025-09-25T20:07:52.478-0600][gc,marking  ] GC(6) Concurrent Scan Root Regions 2.196ms
[2025-09-25T20:07:52.478-0600][gc,marking  ] GC(6) Concurrent Mark
[2025-09-25T20:07:52.478-0600][gc,marking  ] GC(6) Concurrent Mark From Roots
[2025-09-25T20:07:52.478-0600][gc,task     ] GC(6) Using 2 workers of 2 for marking
[2025-09-25T20:07:52.481-0600][gc,marking  ] GC(6) Concurrent Mark From Roots 3.711ms
[2025-09-25T20:07:52.481-0600][gc,marking  ] GC(6) Concurrent Preclean
[2025-09-25T20:07:52.481-0600][gc,marking  ] GC(6) Concurrent Preclean 0.046ms
[2025-09-25T20:07:52.482-0600][gc,start    ] GC(6) Pause Remark
[2025-09-25T20:07:52.498-0600][gc          ] GC(6) Pause Remark 155M->155M(1024M) 15.588ms
[2025-09-25T20:07:52.498-0600][gc,cpu      ] GC(6) User=0.01s Sys=0.02s Real=0.01s
[2025-09-25T20:07:52.498-0600][gc,marking  ] GC(6) Concurrent Mark 20.155ms
[2025-09-25T20:07:52.498-0600][gc,marking  ] GC(6) Concurrent Rebuild Remembered Sets
[2025-09-25T20:07:52.502-0600][gc,marking  ] GC(6) Concurrent Rebuild Remembered Sets 4.218ms
[2025-09-25T20:07:52.503-0600][gc,start    ] GC(6) Pause Cleanup
[2025-09-25T20:07:52.503-0600][gc          ] GC(6) Pause Cleanup 155M->155M(1024M) 0.080ms
[2025-09-25T20:07:52.503-0600][gc,cpu      ] GC(6) User=0.00s Sys=0.00s Real=0.00s
[2025-09-25T20:07:52.503-0600][gc,marking  ] GC(6) Concurrent Cleanup for Next Mark
[2025-09-25T20:07:52.506-0600][gc,marking  ] GC(6) Concurrent Cleanup for Next Mark 2.886ms
[2025-09-25T20:07:52.506-0600][gc          ] GC(6) Concurrent Mark Cycle 30.471ms
[2025-09-25T20:11:13.480-0600][gc,start    ] GC(7) Pause Young (Normal) (G1 Evacuation Pause)
[2025-09-25T20:11:13.481-0600][gc,task     ] GC(7) Using 8 workers of 8 for evacuation
[2025-09-25T20:11:13.499-0600][gc,phases   ] GC(7)   Pre Evacuate Collection Set: 0.4ms
[2025-09-25T20:11:13.499-0600][gc,phases   ] GC(7)   Merge Heap Roots: 0.1ms
[2025-09-25T20:11:13.499-0600][gc,phases   ] GC(7)   Evacuate Collection Set: 17.4ms
[2025-09-25T20:11:13.499-0600][gc,phases   ] GC(7)   Post Evacuate Collection Set: 0.5ms
[2025-09-25T20:11:13.499-0600][gc,phases   ] GC(7)   Other: 1.8ms
[2025-09-25T20:11:13.499-0600][gc,heap     ] GC(7) Eden regions: 49->0(47)
[2025-09-25T20:11:13.499-0600][gc,heap     ] GC(7) Survivor regions: 2->4(7)
[2025-09-25T20:11:13.499-0600][gc,heap     ] GC(7) Old regions: 15->15
[2025-09-25T20:11:13.499-0600][gc,heap     ] GC(7) Archive regions: 2->2
[2025-09-25T20:11:13.499-0600][gc,heap     ] GC(7) Humongous regions: 156->138
[2025-09-25T20:11:13.499-0600][gc,metaspace] GC(7) Metaspace: 40994K(41472K)->40994K(41472K) NonClass: 36285K(36544K)->36285K(36544K) Class: 4709K(4928K)->4709K(4928K)
[2025-09-25T20:11:13.500-0600][gc          ] GC(7) Pause Young (Normal) (G1 Evacuation Pause) 221M->156M(1024M) 19.393ms
[2025-09-25T20:11:13.500-0600][gc,cpu      ] GC(7) User=0.03s Sys=0.05s Real=0.02s
[2025-09-25T20:11:14.212-0600][gc,heap,exit] Heap
[2025-09-25T20:11:14.212-0600][gc,heap,exit]  garbage-first heap   total 1048576K, used 174897K [0x00000007c0000000, 0x0000000800000000)
[2025-09-25T20:11:14.212-0600][gc,heap,exit]   region size 1024K, 19 young (19456K), 4 survivors (4096K)
[2025-09-25T20:11:14.212-0600][gc,heap,exit]  Metaspace       used 41646K, committed 42176K, reserved 1114112K
[2025-09-25T20:11:14.212-0600][gc,heap,exit]   class space    used 4875K, committed 5120K, reserved 1048576K
