[2025-09-25 20:07:23,777] INFO [Broker id=1] Transitioning 54 partition(s) to local followers. (state.change.logger)
[2025-09-25 20:07:23,787] INFO [Broker id=1] Follower __consumer_offsets-13 starts at leader epoch 7 from offset 0 with partition epoch 7 and high watermark 0. Current leader is -1. Previous leader Some(-1) and previous leader epoch was 7. (state.change.logger)
[2025-09-25 20:07:23,788] INFO [Broker id=1] Follower __consumer_offsets-46 starts at leader epoch 7 from offset 0 with partition epoch 7 and high watermark 0. Current leader is -1. Previous leader Some(-1) and previous leader epoch was 7. (state.change.logger)
[2025-09-25 20:07:23,788] INFO [Broker id=1] Follower __consumer_offsets-9 starts at leader epoch 7 from offset 0 with partition epoch 7 and high watermark 0. Current leader is -1. Previous leader Some(-1) and previous leader epoch was 7. (state.change.logger)
[2025-09-25 20:07:23,788] INFO [Broker id=1] Follower __consumer_offsets-42 starts at leader epoch 7 from offset 0 with partition epoch 7 and high watermark 0. Current leader is -1. Previous leader Some(-1) and previous leader epoch was 7. (state.change.logger)
[2025-09-25 20:07:23,788] INFO [Broker id=1] Follower __consumer_offsets-21 starts at leader epoch 7 from offset 0 with partition epoch 7 and high watermark 0. Current leader is -1. Previous leader Some(-1) and previous leader epoch was 7. (state.change.logger)
[2025-09-25 20:07:23,788] INFO [Broker id=1] Follower __consumer_offsets-17 starts at leader epoch 7 from offset 0 with partition epoch 7 and high watermark 0. Current leader is -1. Previous leader Some(-1) and previous leader epoch was 7. (state.change.logger)
[2025-09-25 20:07:23,788] INFO [Broker id=1] Follower __consumer_offsets-30 starts at leader epoch 7 from offset 0 with partition epoch 7 and high watermark 0. Current leader is -1. Previous leader Some(-1) and previous leader epoch was 7. (state.change.logger)
[2025-09-25 20:07:23,788] INFO [Broker id=1] Follower __consumer_offsets-26 starts at leader epoch 7 from offset 0 with partition epoch 7 and high watermark 0. Current leader is -1. Previous leader Some(-1) and previous leader epoch was 7. (state.change.logger)
[2025-09-25 20:07:23,788] INFO [Broker id=1] Follower __consumer_offsets-5 starts at leader epoch 7 from offset 0 with partition epoch 7 and high watermark 0. Current leader is -1. Previous leader Some(-1) and previous leader epoch was 7. (state.change.logger)
[2025-09-25 20:07:23,788] INFO [Broker id=1] Follower __consumer_offsets-38 starts at leader epoch 7 from offset 0 with partition epoch 7 and high watermark 0. Current leader is -1. Previous leader Some(-1) and previous leader epoch was 7. (state.change.logger)
[2025-09-25 20:07:23,788] INFO [Broker id=1] Follower __consumer_offsets-1 starts at leader epoch 7 from offset 0 with partition epoch 7 and high watermark 0. Current leader is -1. Previous leader Some(-1) and previous leader epoch was 7. (state.change.logger)
[2025-09-25 20:07:23,788] INFO [Broker id=1] Follower __consumer_offsets-34 starts at leader epoch 7 from offset 0 with partition epoch 7 and high watermark 0. Current leader is -1. Previous leader Some(-1) and previous leader epoch was 7. (state.change.logger)
[2025-09-25 20:07:23,789] INFO [Broker id=1] Follower __consumer_offsets-16 starts at leader epoch 7 from offset 0 with partition epoch 7 and high watermark 0. Current leader is -1. Previous leader Some(-1) and previous leader epoch was 7. (state.change.logger)
[2025-09-25 20:07:23,789] INFO [Broker id=1] Follower __consumer_offsets-45 starts at leader epoch 7 from offset 0 with partition epoch 7 and high watermark 0. Current leader is -1. Previous leader Some(-1) and previous leader epoch was 7. (state.change.logger)
[2025-09-25 20:07:23,789] INFO [Broker id=1] Follower __consumer_offsets-12 starts at leader epoch 7 from offset 0 with partition epoch 7 and high watermark 0. Current leader is -1. Previous leader Some(-1) and previous leader epoch was 7. (state.change.logger)
[2025-09-25 20:07:23,789] INFO [Broker id=1] Follower __consumer_offsets-41 starts at leader epoch 7 from offset 3 with partition epoch 7 and high watermark 3. Current leader is -1. Previous leader Some(-1) and previous leader epoch was 7. (state.change.logger)
[2025-09-25 20:07:23,789] INFO [Broker id=1] Follower __consumer_offsets-24 starts at leader epoch 7 from offset 0 with partition epoch 7 and high watermark 0. Current leader is -1. Previous leader Some(-1) and previous leader epoch was 7. (state.change.logger)
[2025-09-25 20:07:23,789] INFO [Broker id=1] Follower __consumer_offsets-20 starts at leader epoch 7 from offset 0 with partition epoch 7 and high watermark 0. Current leader is -1. Previous leader Some(-1) and previous leader epoch was 7. (state.change.logger)
[2025-09-25 20:07:23,789] INFO [Broker id=1] Follower __consumer_offsets-49 starts at leader epoch 7 from offset 0 with partition epoch 7 and high watermark 0. Current leader is -1. Previous leader Some(-1) and previous leader epoch was 7. (state.change.logger)
[2025-09-25 20:07:23,789] INFO [Broker id=1] Follower __consumer_offsets-0 starts at leader epoch 7 from offset 0 with partition epoch 7 and high watermark 0. Current leader is -1. Previous leader Some(-1) and previous leader epoch was 7. (state.change.logger)
[2025-09-25 20:07:23,790] INFO [Broker id=1] Follower __consumer_offsets-29 starts at leader epoch 7 from offset 0 with partition epoch 7 and high watermark 0. Current leader is -1. Previous leader Some(-1) and previous leader epoch was 7. (state.change.logger)
[2025-09-25 20:07:23,790] INFO [Broker id=1] Follower __consumer_offsets-25 starts at leader epoch 7 from offset 0 with partition epoch 7 and high watermark 0. Current leader is -1. Previous leader Some(-1) and previous leader epoch was 7. (state.change.logger)
[2025-09-25 20:07:23,790] INFO [Broker id=1] Follower __consumer_offsets-8 starts at leader epoch 7 from offset 0 with partition epoch 7 and high watermark 0. Current leader is -1. Previous leader Some(-1) and previous leader epoch was 7. (state.change.logger)
[2025-09-25 20:07:23,790] INFO [Broker id=1] Follower __consumer_offsets-37 starts at leader epoch 7 from offset 0 with partition epoch 7 and high watermark 0. Current leader is -1. Previous leader Some(-1) and previous leader epoch was 7. (state.change.logger)
[2025-09-25 20:07:23,790] INFO [Broker id=1] Follower __consumer_offsets-4 starts at leader epoch 7 from offset 21 with partition epoch 7 and high watermark 21. Current leader is -1. Previous leader Some(-1) and previous leader epoch was 7. (state.change.logger)
[2025-09-25 20:07:23,790] INFO [Broker id=1] Follower __consumer_offsets-33 starts at leader epoch 7 from offset 0 with partition epoch 7 and high watermark 0. Current leader is -1. Previous leader Some(-1) and previous leader epoch was 7. (state.change.logger)
[2025-09-25 20:07:23,790] INFO [Broker id=1] Follower __consumer_offsets-15 starts at leader epoch 7 from offset 0 with partition epoch 7 and high watermark 0. Current leader is -1. Previous leader Some(-1) and previous leader epoch was 7. (state.change.logger)
[2025-09-25 20:07:23,790] INFO [Broker id=1] Follower __consumer_offsets-48 starts at leader epoch 7 from offset 0 with partition epoch 7 and high watermark 0. Current leader is -1. Previous leader Some(-1) and previous leader epoch was 7. (state.change.logger)
[2025-09-25 20:07:23,790] INFO [Broker id=1] Follower __consumer_offsets-11 starts at leader epoch 7 from offset 0 with partition epoch 7 and high watermark 0. Current leader is -1. Previous leader Some(-1) and previous leader epoch was 7. (state.change.logger)
[2025-09-25 20:07:23,790] INFO [Broker id=1] Follower __consumer_offsets-44 starts at leader epoch 7 from offset 0 with partition epoch 7 and high watermark 0. Current leader is -1. Previous leader Some(-1) and previous leader epoch was 7. (state.change.logger)
[2025-09-25 20:07:23,790] INFO [Broker id=1] Follower __consumer_offsets-23 starts at leader epoch 7 from offset 0 with partition epoch 7 and high watermark 0. Current leader is -1. Previous leader Some(-1) and previous leader epoch was 7. (state.change.logger)
[2025-09-25 20:07:23,790] INFO [Broker id=1] Follower __consumer_offsets-19 starts at leader epoch 7 from offset 0 with partition epoch 7 and high watermark 0. Current leader is -1. Previous leader Some(-1) and previous leader epoch was 7. (state.change.logger)
[2025-09-25 20:07:23,790] INFO [Broker id=1] Follower __consumer_offsets-32 starts at leader epoch 7 from offset 0 with partition epoch 7 and high watermark 0. Current leader is -1. Previous leader Some(-1) and previous leader epoch was 7. (state.change.logger)
[2025-09-25 20:07:23,790] INFO [Broker id=1] Follower __consumer_offsets-28 starts at leader epoch 7 from offset 0 with partition epoch 7 and high watermark 0. Current leader is -1. Previous leader Some(-1) and previous leader epoch was 7. (state.change.logger)
[2025-09-25 20:07:23,791] INFO [Broker id=1] Follower __consumer_offsets-7 starts at leader epoch 7 from offset 0 with partition epoch 7 and high watermark 0. Current leader is -1. Previous leader Some(-1) and previous leader epoch was 7. (state.change.logger)
[2025-09-25 20:07:23,792] INFO [Broker id=1] Follower __consumer_offsets-40 starts at leader epoch 7 from offset 0 with partition epoch 7 and high watermark 0. Current leader is -1. Previous leader Some(-1) and previous leader epoch was 7. (state.change.logger)
[2025-09-25 20:07:23,792] INFO [Broker id=1] Follower empleados-creado-0 starts at leader epoch 7 from offset 5 with partition epoch 7 and high watermark 5. Current leader is -1. Previous leader Some(-1) and previous leader epoch was 7. (state.change.logger)
[2025-09-25 20:07:23,792] INFO [Broker id=1] Follower __consumer_offsets-3 starts at leader epoch 7 from offset 0 with partition epoch 7 and high watermark 0. Current leader is -1. Previous leader Some(-1) and previous leader epoch was 7. (state.change.logger)
[2025-09-25 20:07:23,792] INFO [Broker id=1] Follower __consumer_offsets-36 starts at leader epoch 7 from offset 0 with partition epoch 7 and high watermark 0. Current leader is -1. Previous leader Some(-1) and previous leader epoch was 7. (state.change.logger)
[2025-09-25 20:07:23,792] INFO [Broker id=1] Follower __consumer_offsets-47 starts at leader epoch 7 from offset 0 with partition epoch 7 and high watermark 0. Current leader is -1. Previous leader Some(-1) and previous leader epoch was 7. (state.change.logger)
[2025-09-25 20:07:23,792] INFO [Broker id=1] Follower __consumer_offsets-14 starts at leader epoch 7 from offset 0 with partition epoch 7 and high watermark 0. Current leader is -1. Previous leader Some(-1) and previous leader epoch was 7. (state.change.logger)
[2025-09-25 20:07:23,792] INFO [Broker id=1] Follower __consumer_offsets-43 starts at leader epoch 7 from offset 0 with partition epoch 7 and high watermark 0. Current leader is -1. Previous leader Some(-1) and previous leader epoch was 7. (state.change.logger)
[2025-09-25 20:07:23,792] INFO [Broker id=1] Follower empleados-creados-0 starts at leader epoch 7 from offset 8 with partition epoch 7 and high watermark 8. Current leader is -1. Previous leader Some(-1) and previous leader epoch was 7. (state.change.logger)
[2025-09-25 20:07:23,792] INFO [Broker id=1] Follower __consumer_offsets-10 starts at leader epoch 7 from offset 0 with partition epoch 7 and high watermark 0. Current leader is -1. Previous leader Some(-1) and previous leader epoch was 7. (state.change.logger)
[2025-09-25 20:07:23,792] INFO [Broker id=1] Follower __consumer_offsets-22 starts at leader epoch 7 from offset 0 with partition epoch 7 and high watermark 0. Current leader is -1. Previous leader Some(-1) and previous leader epoch was 7. (state.change.logger)
[2025-09-25 20:07:23,792] INFO [Broker id=1] Follower __consumer_offsets-18 starts at leader epoch 7 from offset 0 with partition epoch 7 and high watermark 0. Current leader is -1. Previous leader Some(-1) and previous leader epoch was 7. (state.change.logger)
[2025-09-25 20:07:23,792] INFO [Broker id=1] Follower __consumer_offsets-31 starts at leader epoch 7 from offset 0 with partition epoch 7 and high watermark 0. Current leader is -1. Previous leader Some(-1) and previous leader epoch was 7. (state.change.logger)
[2025-09-25 20:07:23,792] INFO [Broker id=1] Follower __consumer_offsets-27 starts at leader epoch 7 from offset 0 with partition epoch 7 and high watermark 0. Current leader is -1. Previous leader Some(-1) and previous leader epoch was 7. (state.change.logger)
[2025-09-25 20:07:23,793] INFO [Broker id=1] Follower empleados-actualizados-0 starts at leader epoch 3 from offset 1 with partition epoch 3 and high watermark 1. Current leader is -1. Previous leader Some(-1) and previous leader epoch was 3. (state.change.logger)
[2025-09-25 20:07:23,793] INFO [Broker id=1] Follower empleados-eliminados-0 starts at leader epoch 3 from offset 1 with partition epoch 3 and high watermark 1. Current leader is -1. Previous leader Some(-1) and previous leader epoch was 3. (state.change.logger)
[2025-09-25 20:07:23,793] INFO [Broker id=1] Follower __consumer_offsets-39 starts at leader epoch 7 from offset 0 with partition epoch 7 and high watermark 0. Current leader is -1. Previous leader Some(-1) and previous leader epoch was 7. (state.change.logger)
[2025-09-25 20:07:23,793] INFO [Broker id=1] Follower __consumer_offsets-6 starts at leader epoch 7 from offset 3 with partition epoch 7 and high watermark 3. Current leader is -1. Previous leader Some(-1) and previous leader epoch was 7. (state.change.logger)
[2025-09-25 20:07:23,793] INFO [Broker id=1] Follower __consumer_offsets-35 starts at leader epoch 7 from offset 0 with partition epoch 7 and high watermark 0. Current leader is -1. Previous leader Some(-1) and previous leader epoch was 7. (state.change.logger)
[2025-09-25 20:07:23,793] INFO [Broker id=1] Follower __consumer_offsets-2 starts at leader epoch 7 from offset 0 with partition epoch 7 and high watermark 0. Current leader is -1. Previous leader Some(-1) and previous leader epoch was 7. (state.change.logger)
[2025-09-25 20:07:23,806] INFO [Broker id=1] Stopped fetchers as part of controlled shutdown for 54 partitions (state.change.logger)
[2025-09-25 20:07:52,582] INFO [Broker id=1] Transitioning 54 partition(s) to local followers. (state.change.logger)
[2025-09-25 20:07:52,585] INFO [Broker id=1] Creating new partition __consumer_offsets-13 with topic id xI2Xfr7ZTQKPZBYA-hnYEg. (state.change.logger)
[2025-09-25 20:07:52,634] INFO [Broker id=1] Follower __consumer_offsets-13 starts at leader epoch 7 from offset 0 with partition epoch 7 and high watermark 0. Current leader is -1. Previous leader Some(-1) and previous leader epoch was 7. (state.change.logger)
[2025-09-25 20:07:52,635] INFO [Broker id=1] Creating new partition __consumer_offsets-46 with topic id xI2Xfr7ZTQKPZBYA-hnYEg. (state.change.logger)
[2025-09-25 20:07:52,636] INFO [Broker id=1] Follower __consumer_offsets-46 starts at leader epoch 7 from offset 0 with partition epoch 7 and high watermark 0. Current leader is -1. Previous leader Some(-1) and previous leader epoch was 7. (state.change.logger)
[2025-09-25 20:07:52,636] INFO [Broker id=1] Creating new partition __consumer_offsets-9 with topic id xI2Xfr7ZTQKPZBYA-hnYEg. (state.change.logger)
[2025-09-25 20:07:52,637] INFO [Broker id=1] Follower __consumer_offsets-9 starts at leader epoch 7 from offset 0 with partition epoch 7 and high watermark 0. Current leader is -1. Previous leader Some(-1) and previous leader epoch was 7. (state.change.logger)
[2025-09-25 20:07:52,637] INFO [Broker id=1] Creating new partition __consumer_offsets-42 with topic id xI2Xfr7ZTQKPZBYA-hnYEg. (state.change.logger)
[2025-09-25 20:07:52,638] INFO [Broker id=1] Follower __consumer_offsets-42 starts at leader epoch 7 from offset 0 with partition epoch 7 and high watermark 0. Current leader is -1. Previous leader Some(-1) and previous leader epoch was 7. (state.change.logger)
[2025-09-25 20:07:52,638] INFO [Broker id=1] Creating new partition __consumer_offsets-21 with topic id xI2Xfr7ZTQKPZBYA-hnYEg. (state.change.logger)
[2025-09-25 20:07:52,638] INFO [Broker id=1] Follower __consumer_offsets-21 starts at leader epoch 7 from offset 0 with partition epoch 7 and high watermark 0. Current leader is -1. Previous leader Some(-1) and previous leader epoch was 7. (state.change.logger)
[2025-09-25 20:07:52,638] INFO [Broker id=1] Creating new partition __consumer_offsets-17 with topic id xI2Xfr7ZTQKPZBYA-hnYEg. (state.change.logger)
[2025-09-25 20:07:52,640] INFO [Broker id=1] Follower __consumer_offsets-17 starts at leader epoch 7 from offset 0 with partition epoch 7 and high watermark 0. Current leader is -1. Previous leader Some(-1) and previous leader epoch was 7. (state.change.logger)
[2025-09-25 20:07:52,641] INFO [Broker id=1] Creating new partition __consumer_offsets-30 with topic id xI2Xfr7ZTQKPZBYA-hnYEg. (state.change.logger)
[2025-09-25 20:07:52,643] INFO [Broker id=1] Follower __consumer_offsets-30 starts at leader epoch 7 from offset 0 with partition epoch 7 and high watermark 0. Current leader is -1. Previous leader Some(-1) and previous leader epoch was 7. (state.change.logger)
[2025-09-25 20:07:52,643] INFO [Broker id=1] Creating new partition __consumer_offsets-26 with topic id xI2Xfr7ZTQKPZBYA-hnYEg. (state.change.logger)
[2025-09-25 20:07:52,646] INFO [Broker id=1] Follower __consumer_offsets-26 starts at leader epoch 7 from offset 0 with partition epoch 7 and high watermark 0. Current leader is -1. Previous leader Some(-1) and previous leader epoch was 7. (state.change.logger)
[2025-09-25 20:07:52,646] INFO [Broker id=1] Creating new partition __consumer_offsets-5 with topic id xI2Xfr7ZTQKPZBYA-hnYEg. (state.change.logger)
[2025-09-25 20:07:52,647] INFO [Broker id=1] Follower __consumer_offsets-5 starts at leader epoch 7 from offset 0 with partition epoch 7 and high watermark 0. Current leader is -1. Previous leader Some(-1) and previous leader epoch was 7. (state.change.logger)
[2025-09-25 20:07:52,647] INFO [Broker id=1] Creating new partition __consumer_offsets-38 with topic id xI2Xfr7ZTQKPZBYA-hnYEg. (state.change.logger)
[2025-09-25 20:07:52,647] INFO [Broker id=1] Follower __consumer_offsets-38 starts at leader epoch 7 from offset 0 with partition epoch 7 and high watermark 0. Current leader is -1. Previous leader Some(-1) and previous leader epoch was 7. (state.change.logger)
[2025-09-25 20:07:52,647] INFO [Broker id=1] Creating new partition __consumer_offsets-1 with topic id xI2Xfr7ZTQKPZBYA-hnYEg. (state.change.logger)
[2025-09-25 20:07:52,648] INFO [Broker id=1] Follower __consumer_offsets-1 starts at leader epoch 7 from offset 0 with partition epoch 7 and high watermark 0. Current leader is -1. Previous leader Some(-1) and previous leader epoch was 7. (state.change.logger)
[2025-09-25 20:07:52,648] INFO [Broker id=1] Creating new partition __consumer_offsets-34 with topic id xI2Xfr7ZTQKPZBYA-hnYEg. (state.change.logger)
[2025-09-25 20:07:52,650] INFO [Broker id=1] Follower __consumer_offsets-34 starts at leader epoch 7 from offset 0 with partition epoch 7 and high watermark 0. Current leader is -1. Previous leader Some(-1) and previous leader epoch was 7. (state.change.logger)
[2025-09-25 20:07:52,651] INFO [Broker id=1] Creating new partition __consumer_offsets-16 with topic id xI2Xfr7ZTQKPZBYA-hnYEg. (state.change.logger)
[2025-09-25 20:07:52,654] INFO [Broker id=1] Follower __consumer_offsets-16 starts at leader epoch 7 from offset 0 with partition epoch 7 and high watermark 0. Current leader is -1. Previous leader Some(-1) and previous leader epoch was 7. (state.change.logger)
[2025-09-25 20:07:52,654] INFO [Broker id=1] Creating new partition __consumer_offsets-45 with topic id xI2Xfr7ZTQKPZBYA-hnYEg. (state.change.logger)
[2025-09-25 20:07:52,654] INFO [Broker id=1] Follower __consumer_offsets-45 starts at leader epoch 7 from offset 0 with partition epoch 7 and high watermark 0. Current leader is -1. Previous leader Some(-1) and previous leader epoch was 7. (state.change.logger)
[2025-09-25 20:07:52,654] INFO [Broker id=1] Creating new partition __consumer_offsets-12 with topic id xI2Xfr7ZTQKPZBYA-hnYEg. (state.change.logger)
[2025-09-25 20:07:52,655] INFO [Broker id=1] Follower __consumer_offsets-12 starts at leader epoch 7 from offset 0 with partition epoch 7 and high watermark 0. Current leader is -1. Previous leader Some(-1) and previous leader epoch was 7. (state.change.logger)
[2025-09-25 20:07:52,655] INFO [Broker id=1] Creating new partition __consumer_offsets-41 with topic id xI2Xfr7ZTQKPZBYA-hnYEg. (state.change.logger)
[2025-09-25 20:07:52,656] INFO [Broker id=1] Follower __consumer_offsets-41 starts at leader epoch 7 from offset 3 with partition epoch 7 and high watermark 3. Current leader is -1. Previous leader Some(-1) and previous leader epoch was 7. (state.change.logger)
[2025-09-25 20:07:52,656] INFO [Broker id=1] Creating new partition __consumer_offsets-24 with topic id xI2Xfr7ZTQKPZBYA-hnYEg. (state.change.logger)
[2025-09-25 20:07:52,656] INFO [Broker id=1] Follower __consumer_offsets-24 starts at leader epoch 7 from offset 0 with partition epoch 7 and high watermark 0. Current leader is -1. Previous leader Some(-1) and previous leader epoch was 7. (state.change.logger)
[2025-09-25 20:07:52,656] INFO [Broker id=1] Creating new partition __consumer_offsets-20 with topic id xI2Xfr7ZTQKPZBYA-hnYEg. (state.change.logger)
[2025-09-25 20:07:52,657] INFO [Broker id=1] Follower __consumer_offsets-20 starts at leader epoch 7 from offset 0 with partition epoch 7 and high watermark 0. Current leader is -1. Previous leader Some(-1) and previous leader epoch was 7. (state.change.logger)
[2025-09-25 20:07:52,657] INFO [Broker id=1] Creating new partition __consumer_offsets-49 with topic id xI2Xfr7ZTQKPZBYA-hnYEg. (state.change.logger)
[2025-09-25 20:07:52,660] INFO [Broker id=1] Follower __consumer_offsets-49 starts at leader epoch 7 from offset 0 with partition epoch 7 and high watermark 0. Current leader is -1. Previous leader Some(-1) and previous leader epoch was 7. (state.change.logger)
[2025-09-25 20:07:52,660] INFO [Broker id=1] Creating new partition __consumer_offsets-0 with topic id xI2Xfr7ZTQKPZBYA-hnYEg. (state.change.logger)
[2025-09-25 20:07:52,660] INFO [Broker id=1] Follower __consumer_offsets-0 starts at leader epoch 7 from offset 0 with partition epoch 7 and high watermark 0. Current leader is -1. Previous leader Some(-1) and previous leader epoch was 7. (state.change.logger)
[2025-09-25 20:07:52,660] INFO [Broker id=1] Creating new partition __consumer_offsets-29 with topic id xI2Xfr7ZTQKPZBYA-hnYEg. (state.change.logger)
[2025-09-25 20:07:52,661] INFO [Broker id=1] Follower __consumer_offsets-29 starts at leader epoch 7 from offset 0 with partition epoch 7 and high watermark 0. Current leader is -1. Previous leader Some(-1) and previous leader epoch was 7. (state.change.logger)
[2025-09-25 20:07:52,661] INFO [Broker id=1] Creating new partition __consumer_offsets-25 with topic id xI2Xfr7ZTQKPZBYA-hnYEg. (state.change.logger)
[2025-09-25 20:07:52,661] INFO [Broker id=1] Follower __consumer_offsets-25 starts at leader epoch 7 from offset 0 with partition epoch 7 and high watermark 0. Current leader is -1. Previous leader Some(-1) and previous leader epoch was 7. (state.change.logger)
[2025-09-25 20:07:52,661] INFO [Broker id=1] Creating new partition __consumer_offsets-8 with topic id xI2Xfr7ZTQKPZBYA-hnYEg. (state.change.logger)
[2025-09-25 20:07:52,661] INFO [Broker id=1] Follower __consumer_offsets-8 starts at leader epoch 7 from offset 0 with partition epoch 7 and high watermark 0. Current leader is -1. Previous leader Some(-1) and previous leader epoch was 7. (state.change.logger)
[2025-09-25 20:07:52,662] INFO [Broker id=1] Creating new partition __consumer_offsets-37 with topic id xI2Xfr7ZTQKPZBYA-hnYEg. (state.change.logger)
[2025-09-25 20:07:52,662] INFO [Broker id=1] Follower __consumer_offsets-37 starts at leader epoch 7 from offset 0 with partition epoch 7 and high watermark 0. Current leader is -1. Previous leader Some(-1) and previous leader epoch was 7. (state.change.logger)
[2025-09-25 20:07:52,663] INFO [Broker id=1] Creating new partition __consumer_offsets-4 with topic id xI2Xfr7ZTQKPZBYA-hnYEg. (state.change.logger)
[2025-09-25 20:07:52,663] INFO [Broker id=1] Follower __consumer_offsets-4 starts at leader epoch 7 from offset 21 with partition epoch 7 and high watermark 21. Current leader is -1. Previous leader Some(-1) and previous leader epoch was 7. (state.change.logger)
[2025-09-25 20:07:52,663] INFO [Broker id=1] Creating new partition __consumer_offsets-33 with topic id xI2Xfr7ZTQKPZBYA-hnYEg. (state.change.logger)
[2025-09-25 20:07:52,664] INFO [Broker id=1] Follower __consumer_offsets-33 starts at leader epoch 7 from offset 0 with partition epoch 7 and high watermark 0. Current leader is -1. Previous leader Some(-1) and previous leader epoch was 7. (state.change.logger)
[2025-09-25 20:07:52,664] INFO [Broker id=1] Creating new partition __consumer_offsets-15 with topic id xI2Xfr7ZTQKPZBYA-hnYEg. (state.change.logger)
[2025-09-25 20:07:52,666] INFO [Broker id=1] Follower __consumer_offsets-15 starts at leader epoch 7 from offset 0 with partition epoch 7 and high watermark 0. Current leader is -1. Previous leader Some(-1) and previous leader epoch was 7. (state.change.logger)
[2025-09-25 20:07:52,666] INFO [Broker id=1] Creating new partition __consumer_offsets-48 with topic id xI2Xfr7ZTQKPZBYA-hnYEg. (state.change.logger)
[2025-09-25 20:07:52,667] INFO [Broker id=1] Follower __consumer_offsets-48 starts at leader epoch 7 from offset 0 with partition epoch 7 and high watermark 0. Current leader is -1. Previous leader Some(-1) and previous leader epoch was 7. (state.change.logger)
[2025-09-25 20:07:52,667] INFO [Broker id=1] Creating new partition __consumer_offsets-11 with topic id xI2Xfr7ZTQKPZBYA-hnYEg. (state.change.logger)
[2025-09-25 20:07:52,670] INFO [Broker id=1] Follower __consumer_offsets-11 starts at leader epoch 7 from offset 0 with partition epoch 7 and high watermark 0. Current leader is -1. Previous leader Some(-1) and previous leader epoch was 7. (state.change.logger)
[2025-09-25 20:07:52,671] INFO [Broker id=1] Creating new partition __consumer_offsets-44 with topic id xI2Xfr7ZTQKPZBYA-hnYEg. (state.change.logger)
[2025-09-25 20:07:52,675] INFO [Broker id=1] Follower __consumer_offsets-44 starts at leader epoch 7 from offset 0 with partition epoch 7 and high watermark 0. Current leader is -1. Previous leader Some(-1) and previous leader epoch was 7. (state.change.logger)
[2025-09-25 20:07:52,675] INFO [Broker id=1] Creating new partition __consumer_offsets-23 with topic id xI2Xfr7ZTQKPZBYA-hnYEg. (state.change.logger)
[2025-09-25 20:07:52,676] INFO [Broker id=1] Follower __consumer_offsets-23 starts at leader epoch 7 from offset 0 with partition epoch 7 and high watermark 0. Current leader is -1. Previous leader Some(-1) and previous leader epoch was 7. (state.change.logger)
[2025-09-25 20:07:52,677] INFO [Broker id=1] Creating new partition __consumer_offsets-19 with topic id xI2Xfr7ZTQKPZBYA-hnYEg. (state.change.logger)
[2025-09-25 20:07:52,678] INFO [Broker id=1] Follower __consumer_offsets-19 starts at leader epoch 7 from offset 0 with partition epoch 7 and high watermark 0. Current leader is -1. Previous leader Some(-1) and previous leader epoch was 7. (state.change.logger)
[2025-09-25 20:07:52,678] INFO [Broker id=1] Creating new partition __consumer_offsets-32 with topic id xI2Xfr7ZTQKPZBYA-hnYEg. (state.change.logger)
[2025-09-25 20:07:52,680] INFO [Broker id=1] Follower __consumer_offsets-32 starts at leader epoch 7 from offset 0 with partition epoch 7 and high watermark 0. Current leader is -1. Previous leader Some(-1) and previous leader epoch was 7. (state.change.logger)
[2025-09-25 20:07:52,680] INFO [Broker id=1] Creating new partition __consumer_offsets-28 with topic id xI2Xfr7ZTQKPZBYA-hnYEg. (state.change.logger)
[2025-09-25 20:07:52,683] INFO [Broker id=1] Follower __consumer_offsets-28 starts at leader epoch 7 from offset 0 with partition epoch 7 and high watermark 0. Current leader is -1. Previous leader Some(-1) and previous leader epoch was 7. (state.change.logger)
[2025-09-25 20:07:52,683] INFO [Broker id=1] Creating new partition __consumer_offsets-7 with topic id xI2Xfr7ZTQKPZBYA-hnYEg. (state.change.logger)
[2025-09-25 20:07:52,687] INFO [Broker id=1] Follower __consumer_offsets-7 starts at leader epoch 7 from offset 0 with partition epoch 7 and high watermark 0. Current leader is -1. Previous leader Some(-1) and previous leader epoch was 7. (state.change.logger)
[2025-09-25 20:07:52,687] INFO [Broker id=1] Creating new partition __consumer_offsets-40 with topic id xI2Xfr7ZTQKPZBYA-hnYEg. (state.change.logger)
[2025-09-25 20:07:52,687] INFO [Broker id=1] Follower __consumer_offsets-40 starts at leader epoch 7 from offset 0 with partition epoch 7 and high watermark 0. Current leader is -1. Previous leader Some(-1) and previous leader epoch was 7. (state.change.logger)
[2025-09-25 20:07:52,687] INFO [Broker id=1] Creating new partition empleados-creado-0 with topic id OgabLLGzRTai7MSUpzTVjQ. (state.change.logger)
[2025-09-25 20:07:52,689] INFO [Broker id=1] Follower empleados-creado-0 starts at leader epoch 7 from offset 5 with partition epoch 7 and high watermark 5. Current leader is -1. Previous leader Some(-1) and previous leader epoch was 7. (state.change.logger)
[2025-09-25 20:07:52,689] INFO [Broker id=1] Creating new partition __consumer_offsets-3 with topic id xI2Xfr7ZTQKPZBYA-hnYEg. (state.change.logger)
[2025-09-25 20:07:52,689] INFO [Broker id=1] Follower __consumer_offsets-3 starts at leader epoch 7 from offset 0 with partition epoch 7 and high watermark 0. Current leader is -1. Previous leader Some(-1) and previous leader epoch was 7. (state.change.logger)
[2025-09-25 20:07:52,689] INFO [Broker id=1] Creating new partition __consumer_offsets-36 with topic id xI2Xfr7ZTQKPZBYA-hnYEg. (state.change.logger)
[2025-09-25 20:07:52,690] INFO [Broker id=1] Follower __consumer_offsets-36 starts at leader epoch 7 from offset 0 with partition epoch 7 and high watermark 0. Current leader is -1. Previous leader Some(-1) and previous leader epoch was 7. (state.change.logger)
[2025-09-25 20:07:52,690] INFO [Broker id=1] Creating new partition __consumer_offsets-47 with topic id xI2Xfr7ZTQKPZBYA-hnYEg. (state.change.logger)
[2025-09-25 20:07:52,693] INFO [Broker id=1] Follower __consumer_offsets-47 starts at leader epoch 7 from offset 0 with partition epoch 7 and high watermark 0. Current leader is -1. Previous leader Some(-1) and previous leader epoch was 7. (state.change.logger)
[2025-09-25 20:07:52,693] INFO [Broker id=1] Creating new partition __consumer_offsets-14 with topic id xI2Xfr7ZTQKPZBYA-hnYEg. (state.change.logger)
[2025-09-25 20:07:52,694] INFO [Broker id=1] Follower __consumer_offsets-14 starts at leader epoch 7 from offset 0 with partition epoch 7 and high watermark 0. Current leader is -1. Previous leader Some(-1) and previous leader epoch was 7. (state.change.logger)
[2025-09-25 20:07:52,694] INFO [Broker id=1] Creating new partition __consumer_offsets-43 with topic id xI2Xfr7ZTQKPZBYA-hnYEg. (state.change.logger)
[2025-09-25 20:07:52,694] INFO [Broker id=1] Follower __consumer_offsets-43 starts at leader epoch 7 from offset 0 with partition epoch 7 and high watermark 0. Current leader is -1. Previous leader Some(-1) and previous leader epoch was 7. (state.change.logger)
[2025-09-25 20:07:52,695] INFO [Broker id=1] Creating new partition empleados-creados-0 with topic id FrX8B2JjQWaBWQN1NKT69A. (state.change.logger)
[2025-09-25 20:07:52,695] INFO [Broker id=1] Follower empleados-creados-0 starts at leader epoch 7 from offset 8 with partition epoch 7 and high watermark 8. Current leader is -1. Previous leader Some(-1) and previous leader epoch was 7. (state.change.logger)
[2025-09-25 20:07:52,695] INFO [Broker id=1] Creating new partition __consumer_offsets-10 with topic id xI2Xfr7ZTQKPZBYA-hnYEg. (state.change.logger)
[2025-09-25 20:07:52,695] INFO [Broker id=1] Follower __consumer_offsets-10 starts at leader epoch 7 from offset 0 with partition epoch 7 and high watermark 0. Current leader is -1. Previous leader Some(-1) and previous leader epoch was 7. (state.change.logger)
[2025-09-25 20:07:52,695] INFO [Broker id=1] Creating new partition __consumer_offsets-22 with topic id xI2Xfr7ZTQKPZBYA-hnYEg. (state.change.logger)
[2025-09-25 20:07:52,696] INFO [Broker id=1] Follower __consumer_offsets-22 starts at leader epoch 7 from offset 0 with partition epoch 7 and high watermark 0. Current leader is -1. Previous leader Some(-1) and previous leader epoch was 7. (state.change.logger)
[2025-09-25 20:07:52,696] INFO [Broker id=1] Creating new partition __consumer_offsets-18 with topic id xI2Xfr7ZTQKPZBYA-hnYEg. (state.change.logger)
[2025-09-25 20:07:52,696] INFO [Broker id=1] Follower __consumer_offsets-18 starts at leader epoch 7 from offset 0 with partition epoch 7 and high watermark 0. Current leader is -1. Previous leader Some(-1) and previous leader epoch was 7. (state.change.logger)
[2025-09-25 20:07:52,696] INFO [Broker id=1] Creating new partition __consumer_offsets-31 with topic id xI2Xfr7ZTQKPZBYA-hnYEg. (state.change.logger)
[2025-09-25 20:07:52,697] INFO [Broker id=1] Follower __consumer_offsets-31 starts at leader epoch 7 from offset 0 with partition epoch 7 and high watermark 0. Current leader is -1. Previous leader Some(-1) and previous leader epoch was 7. (state.change.logger)
[2025-09-25 20:07:52,697] INFO [Broker id=1] Creating new partition __consumer_offsets-27 with topic id xI2Xfr7ZTQKPZBYA-hnYEg. (state.change.logger)
[2025-09-25 20:07:52,699] INFO [Broker id=1] Follower __consumer_offsets-27 starts at leader epoch 7 from offset 0 with partition epoch 7 and high watermark 0. Current leader is -1. Previous leader Some(-1) and previous leader epoch was 7. (state.change.logger)
[2025-09-25 20:07:52,699] INFO [Broker id=1] Creating new partition empleados-actualizados-0 with topic id biVPWQilS3Oixixy2bOONg. (state.change.logger)
[2025-09-25 20:07:52,702] INFO [Broker id=1] Follower empleados-actualizados-0 starts at leader epoch 3 from offset 1 with partition epoch 3 and high watermark 1. Current leader is -1. Previous leader Some(-1) and previous leader epoch was 3. (state.change.logger)
[2025-09-25 20:07:52,702] INFO [Broker id=1] Creating new partition empleados-eliminados-0 with topic id 8nsLXeIxTN21JSnFOOuHng. (state.change.logger)
[2025-09-25 20:07:52,702] INFO [Broker id=1] Follower empleados-eliminados-0 starts at leader epoch 3 from offset 1 with partition epoch 3 and high watermark 1. Current leader is -1. Previous leader Some(-1) and previous leader epoch was 3. (state.change.logger)
[2025-09-25 20:07:52,703] INFO [Broker id=1] Creating new partition __consumer_offsets-39 with topic id xI2Xfr7ZTQKPZBYA-hnYEg. (state.change.logger)
[2025-09-25 20:07:52,704] INFO [Broker id=1] Follower __consumer_offsets-39 starts at leader epoch 7 from offset 0 with partition epoch 7 and high watermark 0. Current leader is -1. Previous leader Some(-1) and previous leader epoch was 7. (state.change.logger)
[2025-09-25 20:07:52,704] INFO [Broker id=1] Creating new partition __consumer_offsets-6 with topic id xI2Xfr7ZTQKPZBYA-hnYEg. (state.change.logger)
[2025-09-25 20:07:52,710] INFO [Broker id=1] Follower __consumer_offsets-6 starts at leader epoch 7 from offset 3 with partition epoch 7 and high watermark 3. Current leader is -1. Previous leader Some(-1) and previous leader epoch was 7. (state.change.logger)
[2025-09-25 20:07:52,710] INFO [Broker id=1] Creating new partition __consumer_offsets-35 with topic id xI2Xfr7ZTQKPZBYA-hnYEg. (state.change.logger)
[2025-09-25 20:07:52,712] INFO [Broker id=1] Follower __consumer_offsets-35 starts at leader epoch 7 from offset 0 with partition epoch 7 and high watermark 0. Current leader is -1. Previous leader Some(-1) and previous leader epoch was 7. (state.change.logger)
[2025-09-25 20:07:52,712] INFO [Broker id=1] Creating new partition __consumer_offsets-2 with topic id xI2Xfr7ZTQKPZBYA-hnYEg. (state.change.logger)
[2025-09-25 20:07:52,712] INFO [Broker id=1] Follower __consumer_offsets-2 starts at leader epoch 7 from offset 0 with partition epoch 7 and high watermark 0. Current leader is -1. Previous leader Some(-1) and previous leader epoch was 7. (state.change.logger)
[2025-09-25 20:07:52,737] INFO [Broker id=1] Stopped fetchers as part of become-follower for 54 partitions (state.change.logger)
[2025-09-25 20:07:52,750] INFO [Broker id=1] Started fetchers as part of become-follower for 54 partitions (state.change.logger)
[2025-09-25 20:07:52,891] INFO [Broker id=1] Transitioning 54 partition(s) to local leaders. (state.change.logger)
[2025-09-25 20:07:52,903] INFO [Broker id=1] Leader __consumer_offsets-13 with topic id Some(xI2Xfr7ZTQKPZBYA-hnYEg) starts at leader epoch 8 from offset 0 with partition epoch 8, high watermark 0, ISR [1], adding replicas [] and removing replicas [] . Previous leader Some(-1) and previous leader epoch was 7. (state.change.logger)
[2025-09-25 20:07:52,911] INFO [Broker id=1] Leader __consumer_offsets-46 with topic id Some(xI2Xfr7ZTQKPZBYA-hnYEg) starts at leader epoch 8 from offset 0 with partition epoch 8, high watermark 0, ISR [1], adding replicas [] and removing replicas [] . Previous leader Some(-1) and previous leader epoch was 7. (state.change.logger)
[2025-09-25 20:07:52,914] INFO [Broker id=1] Leader __consumer_offsets-9 with topic id Some(xI2Xfr7ZTQKPZBYA-hnYEg) starts at leader epoch 8 from offset 0 with partition epoch 8, high watermark 0, ISR [1], adding replicas [] and removing replicas [] . Previous leader Some(-1) and previous leader epoch was 7. (state.change.logger)
[2025-09-25 20:07:52,918] INFO [Broker id=1] Leader __consumer_offsets-42 with topic id Some(xI2Xfr7ZTQKPZBYA-hnYEg) starts at leader epoch 8 from offset 0 with partition epoch 8, high watermark 0, ISR [1], adding replicas [] and removing replicas [] . Previous leader Some(-1) and previous leader epoch was 7. (state.change.logger)
[2025-09-25 20:07:52,923] INFO [Broker id=1] Leader __consumer_offsets-21 with topic id Some(xI2Xfr7ZTQKPZBYA-hnYEg) starts at leader epoch 8 from offset 0 with partition epoch 8, high watermark 0, ISR [1], adding replicas [] and removing replicas [] . Previous leader Some(-1) and previous leader epoch was 7. (state.change.logger)
[2025-09-25 20:07:52,928] INFO [Broker id=1] Leader __consumer_offsets-17 with topic id Some(xI2Xfr7ZTQKPZBYA-hnYEg) starts at leader epoch 8 from offset 0 with partition epoch 8, high watermark 0, ISR [1], adding replicas [] and removing replicas [] . Previous leader Some(-1) and previous leader epoch was 7. (state.change.logger)
[2025-09-25 20:07:52,933] INFO [Broker id=1] Leader __consumer_offsets-30 with topic id Some(xI2Xfr7ZTQKPZBYA-hnYEg) starts at leader epoch 8 from offset 0 with partition epoch 8, high watermark 0, ISR [1], adding replicas [] and removing replicas [] . Previous leader Some(-1) and previous leader epoch was 7. (state.change.logger)
[2025-09-25 20:07:52,938] INFO [Broker id=1] Leader __consumer_offsets-26 with topic id Some(xI2Xfr7ZTQKPZBYA-hnYEg) starts at leader epoch 8 from offset 0 with partition epoch 8, high watermark 0, ISR [1], adding replicas [] and removing replicas [] . Previous leader Some(-1) and previous leader epoch was 7. (state.change.logger)
[2025-09-25 20:07:52,942] INFO [Broker id=1] Leader __consumer_offsets-5 with topic id Some(xI2Xfr7ZTQKPZBYA-hnYEg) starts at leader epoch 8 from offset 0 with partition epoch 8, high watermark 0, ISR [1], adding replicas [] and removing replicas [] . Previous leader Some(-1) and previous leader epoch was 7. (state.change.logger)
[2025-09-25 20:07:52,946] INFO [Broker id=1] Leader __consumer_offsets-38 with topic id Some(xI2Xfr7ZTQKPZBYA-hnYEg) starts at leader epoch 8 from offset 0 with partition epoch 8, high watermark 0, ISR [1], adding replicas [] and removing replicas [] . Previous leader Some(-1) and previous leader epoch was 7. (state.change.logger)
[2025-09-25 20:07:52,954] INFO [Broker id=1] Leader __consumer_offsets-1 with topic id Some(xI2Xfr7ZTQKPZBYA-hnYEg) starts at leader epoch 8 from offset 0 with partition epoch 8, high watermark 0, ISR [1], adding replicas [] and removing replicas [] . Previous leader Some(-1) and previous leader epoch was 7. (state.change.logger)
[2025-09-25 20:07:52,959] INFO [Broker id=1] Leader __consumer_offsets-34 with topic id Some(xI2Xfr7ZTQKPZBYA-hnYEg) starts at leader epoch 8 from offset 0 with partition epoch 8, high watermark 0, ISR [1], adding replicas [] and removing replicas [] . Previous leader Some(-1) and previous leader epoch was 7. (state.change.logger)
[2025-09-25 20:07:52,963] INFO [Broker id=1] Leader __consumer_offsets-16 with topic id Some(xI2Xfr7ZTQKPZBYA-hnYEg) starts at leader epoch 8 from offset 0 with partition epoch 8, high watermark 0, ISR [1], adding replicas [] and removing replicas [] . Previous leader Some(-1) and previous leader epoch was 7. (state.change.logger)
[2025-09-25 20:07:52,968] INFO [Broker id=1] Leader __consumer_offsets-45 with topic id Some(xI2Xfr7ZTQKPZBYA-hnYEg) starts at leader epoch 8 from offset 0 with partition epoch 8, high watermark 0, ISR [1], adding replicas [] and removing replicas [] . Previous leader Some(-1) and previous leader epoch was 7. (state.change.logger)
[2025-09-25 20:07:52,973] INFO [Broker id=1] Leader __consumer_offsets-12 with topic id Some(xI2Xfr7ZTQKPZBYA-hnYEg) starts at leader epoch 8 from offset 0 with partition epoch 8, high watermark 0, ISR [1], adding replicas [] and removing replicas [] . Previous leader Some(-1) and previous leader epoch was 7. (state.change.logger)
[2025-09-25 20:07:52,979] INFO [Broker id=1] Leader __consumer_offsets-41 with topic id Some(xI2Xfr7ZTQKPZBYA-hnYEg) starts at leader epoch 8 from offset 3 with partition epoch 8, high watermark 3, ISR [1], adding replicas [] and removing replicas [] . Previous leader Some(-1) and previous leader epoch was 7. (state.change.logger)
[2025-09-25 20:07:52,982] INFO [Broker id=1] Leader __consumer_offsets-24 with topic id Some(xI2Xfr7ZTQKPZBYA-hnYEg) starts at leader epoch 8 from offset 0 with partition epoch 8, high watermark 0, ISR [1], adding replicas [] and removing replicas [] . Previous leader Some(-1) and previous leader epoch was 7. (state.change.logger)
[2025-09-25 20:07:52,987] INFO [Broker id=1] Leader __consumer_offsets-20 with topic id Some(xI2Xfr7ZTQKPZBYA-hnYEg) starts at leader epoch 8 from offset 0 with partition epoch 8, high watermark 0, ISR [1], adding replicas [] and removing replicas [] . Previous leader Some(-1) and previous leader epoch was 7. (state.change.logger)
[2025-09-25 20:07:52,992] INFO [Broker id=1] Leader __consumer_offsets-49 with topic id Some(xI2Xfr7ZTQKPZBYA-hnYEg) starts at leader epoch 8 from offset 0 with partition epoch 8, high watermark 0, ISR [1], adding replicas [] and removing replicas [] . Previous leader Some(-1) and previous leader epoch was 7. (state.change.logger)
[2025-09-25 20:07:52,997] INFO [Broker id=1] Leader __consumer_offsets-0 with topic id Some(xI2Xfr7ZTQKPZBYA-hnYEg) starts at leader epoch 8 from offset 0 with partition epoch 8, high watermark 0, ISR [1], adding replicas [] and removing replicas [] . Previous leader Some(-1) and previous leader epoch was 7. (state.change.logger)
[2025-09-25 20:07:53,002] INFO [Broker id=1] Leader __consumer_offsets-29 with topic id Some(xI2Xfr7ZTQKPZBYA-hnYEg) starts at leader epoch 8 from offset 0 with partition epoch 8, high watermark 0, ISR [1], adding replicas [] and removing replicas [] . Previous leader Some(-1) and previous leader epoch was 7. (state.change.logger)
[2025-09-25 20:07:53,012] INFO [Broker id=1] Leader __consumer_offsets-25 with topic id Some(xI2Xfr7ZTQKPZBYA-hnYEg) starts at leader epoch 8 from offset 0 with partition epoch 8, high watermark 0, ISR [1], adding replicas [] and removing replicas [] . Previous leader Some(-1) and previous leader epoch was 7. (state.change.logger)
[2025-09-25 20:07:53,017] INFO [Broker id=1] Leader __consumer_offsets-8 with topic id Some(xI2Xfr7ZTQKPZBYA-hnYEg) starts at leader epoch 8 from offset 0 with partition epoch 8, high watermark 0, ISR [1], adding replicas [] and removing replicas [] . Previous leader Some(-1) and previous leader epoch was 7. (state.change.logger)
[2025-09-25 20:07:53,023] INFO [Broker id=1] Leader __consumer_offsets-37 with topic id Some(xI2Xfr7ZTQKPZBYA-hnYEg) starts at leader epoch 8 from offset 0 with partition epoch 8, high watermark 0, ISR [1], adding replicas [] and removing replicas [] . Previous leader Some(-1) and previous leader epoch was 7. (state.change.logger)
[2025-09-25 20:07:53,027] INFO [Broker id=1] Leader __consumer_offsets-4 with topic id Some(xI2Xfr7ZTQKPZBYA-hnYEg) starts at leader epoch 8 from offset 21 with partition epoch 8, high watermark 21, ISR [1], adding replicas [] and removing replicas [] . Previous leader Some(-1) and previous leader epoch was 7. (state.change.logger)
[2025-09-25 20:07:53,031] INFO [Broker id=1] Leader __consumer_offsets-33 with topic id Some(xI2Xfr7ZTQKPZBYA-hnYEg) starts at leader epoch 8 from offset 0 with partition epoch 8, high watermark 0, ISR [1], adding replicas [] and removing replicas [] . Previous leader Some(-1) and previous leader epoch was 7. (state.change.logger)
[2025-09-25 20:07:53,035] INFO [Broker id=1] Leader __consumer_offsets-15 with topic id Some(xI2Xfr7ZTQKPZBYA-hnYEg) starts at leader epoch 8 from offset 0 with partition epoch 8, high watermark 0, ISR [1], adding replicas [] and removing replicas [] . Previous leader Some(-1) and previous leader epoch was 7. (state.change.logger)
[2025-09-25 20:07:53,040] INFO [Broker id=1] Leader __consumer_offsets-48 with topic id Some(xI2Xfr7ZTQKPZBYA-hnYEg) starts at leader epoch 8 from offset 0 with partition epoch 8, high watermark 0, ISR [1], adding replicas [] and removing replicas [] . Previous leader Some(-1) and previous leader epoch was 7. (state.change.logger)
[2025-09-25 20:07:53,047] INFO [Broker id=1] Leader __consumer_offsets-11 with topic id Some(xI2Xfr7ZTQKPZBYA-hnYEg) starts at leader epoch 8 from offset 0 with partition epoch 8, high watermark 0, ISR [1], adding replicas [] and removing replicas [] . Previous leader Some(-1) and previous leader epoch was 7. (state.change.logger)
[2025-09-25 20:07:53,052] INFO [Broker id=1] Leader __consumer_offsets-44 with topic id Some(xI2Xfr7ZTQKPZBYA-hnYEg) starts at leader epoch 8 from offset 0 with partition epoch 8, high watermark 0, ISR [1], adding replicas [] and removing replicas [] . Previous leader Some(-1) and previous leader epoch was 7. (state.change.logger)
[2025-09-25 20:07:53,056] INFO [Broker id=1] Leader __consumer_offsets-23 with topic id Some(xI2Xfr7ZTQKPZBYA-hnYEg) starts at leader epoch 8 from offset 0 with partition epoch 8, high watermark 0, ISR [1], adding replicas [] and removing replicas [] . Previous leader Some(-1) and previous leader epoch was 7. (state.change.logger)
[2025-09-25 20:07:53,065] INFO [Broker id=1] Leader __consumer_offsets-19 with topic id Some(xI2Xfr7ZTQKPZBYA-hnYEg) starts at leader epoch 8 from offset 0 with partition epoch 8, high watermark 0, ISR [1], adding replicas [] and removing replicas [] . Previous leader Some(-1) and previous leader epoch was 7. (state.change.logger)
[2025-09-25 20:07:53,069] INFO [Broker id=1] Leader __consumer_offsets-32 with topic id Some(xI2Xfr7ZTQKPZBYA-hnYEg) starts at leader epoch 8 from offset 0 with partition epoch 8, high watermark 0, ISR [1], adding replicas [] and removing replicas [] . Previous leader Some(-1) and previous leader epoch was 7. (state.change.logger)
[2025-09-25 20:07:53,074] INFO [Broker id=1] Leader __consumer_offsets-28 with topic id Some(xI2Xfr7ZTQKPZBYA-hnYEg) starts at leader epoch 8 from offset 0 with partition epoch 8, high watermark 0, ISR [1], adding replicas [] and removing replicas [] . Previous leader Some(-1) and previous leader epoch was 7. (state.change.logger)
[2025-09-25 20:07:53,079] INFO [Broker id=1] Leader __consumer_offsets-7 with topic id Some(xI2Xfr7ZTQKPZBYA-hnYEg) starts at leader epoch 8 from offset 0 with partition epoch 8, high watermark 0, ISR [1], adding replicas [] and removing replicas [] . Previous leader Some(-1) and previous leader epoch was 7. (state.change.logger)
[2025-09-25 20:07:53,084] INFO [Broker id=1] Leader __consumer_offsets-40 with topic id Some(xI2Xfr7ZTQKPZBYA-hnYEg) starts at leader epoch 8 from offset 0 with partition epoch 8, high watermark 0, ISR [1], adding replicas [] and removing replicas [] . Previous leader Some(-1) and previous leader epoch was 7. (state.change.logger)
[2025-09-25 20:07:53,087] INFO [Broker id=1] Leader empleados-creado-0 with topic id Some(OgabLLGzRTai7MSUpzTVjQ) starts at leader epoch 8 from offset 5 with partition epoch 8, high watermark 5, ISR [1], adding replicas [] and removing replicas [] . Previous leader Some(-1) and previous leader epoch was 7. (state.change.logger)
[2025-09-25 20:07:53,091] INFO [Broker id=1] Leader __consumer_offsets-3 with topic id Some(xI2Xfr7ZTQKPZBYA-hnYEg) starts at leader epoch 8 from offset 0 with partition epoch 8, high watermark 0, ISR [1], adding replicas [] and removing replicas [] . Previous leader Some(-1) and previous leader epoch was 7. (state.change.logger)
[2025-09-25 20:07:53,097] INFO [Broker id=1] Leader __consumer_offsets-36 with topic id Some(xI2Xfr7ZTQKPZBYA-hnYEg) starts at leader epoch 8 from offset 0 with partition epoch 8, high watermark 0, ISR [1], adding replicas [] and removing replicas [] . Previous leader Some(-1) and previous leader epoch was 7. (state.change.logger)
[2025-09-25 20:07:53,105] INFO [Broker id=1] Leader __consumer_offsets-47 with topic id Some(xI2Xfr7ZTQKPZBYA-hnYEg) starts at leader epoch 8 from offset 0 with partition epoch 8, high watermark 0, ISR [1], adding replicas [] and removing replicas [] . Previous leader Some(-1) and previous leader epoch was 7. (state.change.logger)
[2025-09-25 20:07:53,110] INFO [Broker id=1] Leader __consumer_offsets-14 with topic id Some(xI2Xfr7ZTQKPZBYA-hnYEg) starts at leader epoch 8 from offset 0 with partition epoch 8, high watermark 0, ISR [1], adding replicas [] and removing replicas [] . Previous leader Some(-1) and previous leader epoch was 7. (state.change.logger)
[2025-09-25 20:07:53,115] INFO [Broker id=1] Leader __consumer_offsets-43 with topic id Some(xI2Xfr7ZTQKPZBYA-hnYEg) starts at leader epoch 8 from offset 0 with partition epoch 8, high watermark 0, ISR [1], adding replicas [] and removing replicas [] . Previous leader Some(-1) and previous leader epoch was 7. (state.change.logger)
[2025-09-25 20:07:53,119] INFO [Broker id=1] Leader empleados-creados-0 with topic id Some(FrX8B2JjQWaBWQN1NKT69A) starts at leader epoch 8 from offset 8 with partition epoch 8, high watermark 8, ISR [1], adding replicas [] and removing replicas [] . Previous leader Some(-1) and previous leader epoch was 7. (state.change.logger)
[2025-09-25 20:07:53,124] INFO [Broker id=1] Leader __consumer_offsets-10 with topic id Some(xI2Xfr7ZTQKPZBYA-hnYEg) starts at leader epoch 8 from offset 0 with partition epoch 8, high watermark 0, ISR [1], adding replicas [] and removing replicas [] . Previous leader Some(-1) and previous leader epoch was 7. (state.change.logger)
[2025-09-25 20:07:53,129] INFO [Broker id=1] Leader __consumer_offsets-22 with topic id Some(xI2Xfr7ZTQKPZBYA-hnYEg) starts at leader epoch 8 from offset 0 with partition epoch 8, high watermark 0, ISR [1], adding replicas [] and removing replicas [] . Previous leader Some(-1) and previous leader epoch was 7. (state.change.logger)
[2025-09-25 20:07:53,134] INFO [Broker id=1] Leader __consumer_offsets-18 with topic id Some(xI2Xfr7ZTQKPZBYA-hnYEg) starts at leader epoch 8 from offset 0 with partition epoch 8, high watermark 0, ISR [1], adding replicas [] and removing replicas [] . Previous leader Some(-1) and previous leader epoch was 7. (state.change.logger)
[2025-09-25 20:07:53,139] INFO [Broker id=1] Leader __consumer_offsets-31 with topic id Some(xI2Xfr7ZTQKPZBYA-hnYEg) starts at leader epoch 8 from offset 0 with partition epoch 8, high watermark 0, ISR [1], adding replicas [] and removing replicas [] . Previous leader Some(-1) and previous leader epoch was 7. (state.change.logger)
[2025-09-25 20:07:53,143] INFO [Broker id=1] Leader __consumer_offsets-27 with topic id Some(xI2Xfr7ZTQKPZBYA-hnYEg) starts at leader epoch 8 from offset 0 with partition epoch 8, high watermark 0, ISR [1], adding replicas [] and removing replicas [] . Previous leader Some(-1) and previous leader epoch was 7. (state.change.logger)
[2025-09-25 20:07:53,149] INFO [Broker id=1] Leader empleados-actualizados-0 with topic id Some(biVPWQilS3Oixixy2bOONg) starts at leader epoch 4 from offset 1 with partition epoch 4, high watermark 1, ISR [1], adding replicas [] and removing replicas [] . Previous leader Some(-1) and previous leader epoch was 3. (state.change.logger)
[2025-09-25 20:07:53,153] INFO [Broker id=1] Leader empleados-eliminados-0 with topic id Some(8nsLXeIxTN21JSnFOOuHng) starts at leader epoch 4 from offset 1 with partition epoch 4, high watermark 1, ISR [1], adding replicas [] and removing replicas [] . Previous leader Some(-1) and previous leader epoch was 3. (state.change.logger)
[2025-09-25 20:07:53,158] INFO [Broker id=1] Leader __consumer_offsets-39 with topic id Some(xI2Xfr7ZTQKPZBYA-hnYEg) starts at leader epoch 8 from offset 0 with partition epoch 8, high watermark 0, ISR [1], adding replicas [] and removing replicas [] . Previous leader Some(-1) and previous leader epoch was 7. (state.change.logger)
[2025-09-25 20:07:53,163] INFO [Broker id=1] Leader __consumer_offsets-6 with topic id Some(xI2Xfr7ZTQKPZBYA-hnYEg) starts at leader epoch 8 from offset 3 with partition epoch 8, high watermark 3, ISR [1], adding replicas [] and removing replicas [] . Previous leader Some(-1) and previous leader epoch was 7. (state.change.logger)
[2025-09-25 20:07:53,170] INFO [Broker id=1] Leader __consumer_offsets-35 with topic id Some(xI2Xfr7ZTQKPZBYA-hnYEg) starts at leader epoch 8 from offset 0 with partition epoch 8, high watermark 0, ISR [1], adding replicas [] and removing replicas [] . Previous leader Some(-1) and previous leader epoch was 7. (state.change.logger)
[2025-09-25 20:07:53,177] INFO [Broker id=1] Leader __consumer_offsets-2 with topic id Some(xI2Xfr7ZTQKPZBYA-hnYEg) starts at leader epoch 8 from offset 0 with partition epoch 8, high watermark 0, ISR [1], adding replicas [] and removing replicas [] . Previous leader Some(-1) and previous leader epoch was 7. (state.change.logger)
[2025-09-25 20:11:13,476] INFO [Broker id=1] Transitioning 54 partition(s) to local followers. (state.change.logger)
[2025-09-25 20:11:13,478] INFO [Broker id=1] Follower __consumer_offsets-13 starts at leader epoch 9 from offset 0 with partition epoch 9 and high watermark 0. Current leader is -1. Previous leader Some(-1) and previous leader epoch was 9. (state.change.logger)
[2025-09-25 20:11:13,478] INFO [Broker id=1] Follower __consumer_offsets-46 starts at leader epoch 9 from offset 0 with partition epoch 9 and high watermark 0. Current leader is -1. Previous leader Some(-1) and previous leader epoch was 9. (state.change.logger)
[2025-09-25 20:11:13,478] INFO [Broker id=1] Follower __consumer_offsets-9 starts at leader epoch 9 from offset 0 with partition epoch 9 and high watermark 0. Current leader is -1. Previous leader Some(-1) and previous leader epoch was 9. (state.change.logger)
[2025-09-25 20:11:13,478] INFO [Broker id=1] Follower __consumer_offsets-42 starts at leader epoch 9 from offset 0 with partition epoch 9 and high watermark 0. Current leader is -1. Previous leader Some(-1) and previous leader epoch was 9. (state.change.logger)
[2025-09-25 20:11:13,478] INFO [Broker id=1] Follower __consumer_offsets-21 starts at leader epoch 9 from offset 0 with partition epoch 9 and high watermark 0. Current leader is -1. Previous leader Some(-1) and previous leader epoch was 9. (state.change.logger)
[2025-09-25 20:11:13,478] INFO [Broker id=1] Follower __consumer_offsets-17 starts at leader epoch 9 from offset 0 with partition epoch 9 and high watermark 0. Current leader is -1. Previous leader Some(-1) and previous leader epoch was 9. (state.change.logger)
[2025-09-25 20:11:13,478] INFO [Broker id=1] Follower __consumer_offsets-30 starts at leader epoch 9 from offset 0 with partition epoch 9 and high watermark 0. Current leader is -1. Previous leader Some(-1) and previous leader epoch was 9. (state.change.logger)
[2025-09-25 20:11:13,478] INFO [Broker id=1] Follower __consumer_offsets-26 starts at leader epoch 9 from offset 0 with partition epoch 9 and high watermark 0. Current leader is -1. Previous leader Some(-1) and previous leader epoch was 9. (state.change.logger)
[2025-09-25 20:11:13,478] INFO [Broker id=1] Follower __consumer_offsets-5 starts at leader epoch 9 from offset 0 with partition epoch 9 and high watermark 0. Current leader is -1. Previous leader Some(-1) and previous leader epoch was 9. (state.change.logger)
[2025-09-25 20:11:13,478] INFO [Broker id=1] Follower __consumer_offsets-38 starts at leader epoch 9 from offset 0 with partition epoch 9 and high watermark 0. Current leader is -1. Previous leader Some(-1) and previous leader epoch was 9. (state.change.logger)
[2025-09-25 20:11:13,479] INFO [Broker id=1] Follower __consumer_offsets-1 starts at leader epoch 9 from offset 0 with partition epoch 9 and high watermark 0. Current leader is -1. Previous leader Some(-1) and previous leader epoch was 9. (state.change.logger)
[2025-09-25 20:11:13,479] INFO [Broker id=1] Follower __consumer_offsets-34 starts at leader epoch 9 from offset 0 with partition epoch 9 and high watermark 0. Current leader is -1. Previous leader Some(-1) and previous leader epoch was 9. (state.change.logger)
[2025-09-25 20:11:13,479] INFO [Broker id=1] Follower __consumer_offsets-16 starts at leader epoch 9 from offset 0 with partition epoch 9 and high watermark 0. Current leader is -1. Previous leader Some(-1) and previous leader epoch was 9. (state.change.logger)
[2025-09-25 20:11:13,500] INFO [Broker id=1] Follower __consumer_offsets-45 starts at leader epoch 9 from offset 0 with partition epoch 9 and high watermark 0. Current leader is -1. Previous leader Some(-1) and previous leader epoch was 9. (state.change.logger)
[2025-09-25 20:11:13,503] INFO [Broker id=1] Follower __consumer_offsets-12 starts at leader epoch 9 from offset 0 with partition epoch 9 and high watermark 0. Current leader is -1. Previous leader Some(-1) and previous leader epoch was 9. (state.change.logger)
[2025-09-25 20:11:13,503] INFO [Broker id=1] Follower __consumer_offsets-41 starts at leader epoch 9 from offset 3 with partition epoch 9 and high watermark 3. Current leader is -1. Previous leader Some(-1) and previous leader epoch was 9. (state.change.logger)
[2025-09-25 20:11:13,504] INFO [Broker id=1] Follower __consumer_offsets-24 starts at leader epoch 9 from offset 0 with partition epoch 9 and high watermark 0. Current leader is -1. Previous leader Some(-1) and previous leader epoch was 9. (state.change.logger)
[2025-09-25 20:11:13,504] INFO [Broker id=1] Follower __consumer_offsets-20 starts at leader epoch 9 from offset 0 with partition epoch 9 and high watermark 0. Current leader is -1. Previous leader Some(-1) and previous leader epoch was 9. (state.change.logger)
[2025-09-25 20:11:13,504] INFO [Broker id=1] Follower __consumer_offsets-49 starts at leader epoch 9 from offset 0 with partition epoch 9 and high watermark 0. Current leader is -1. Previous leader Some(-1) and previous leader epoch was 9. (state.change.logger)
[2025-09-25 20:11:13,504] INFO [Broker id=1] Follower __consumer_offsets-0 starts at leader epoch 9 from offset 0 with partition epoch 9 and high watermark 0. Current leader is -1. Previous leader Some(-1) and previous leader epoch was 9. (state.change.logger)
[2025-09-25 20:11:13,504] INFO [Broker id=1] Follower __consumer_offsets-29 starts at leader epoch 9 from offset 0 with partition epoch 9 and high watermark 0. Current leader is -1. Previous leader Some(-1) and previous leader epoch was 9. (state.change.logger)
[2025-09-25 20:11:13,504] INFO [Broker id=1] Follower __consumer_offsets-25 starts at leader epoch 9 from offset 0 with partition epoch 9 and high watermark 0. Current leader is -1. Previous leader Some(-1) and previous leader epoch was 9. (state.change.logger)
[2025-09-25 20:11:13,504] INFO [Broker id=1] Follower __consumer_offsets-8 starts at leader epoch 9 from offset 0 with partition epoch 9 and high watermark 0. Current leader is -1. Previous leader Some(-1) and previous leader epoch was 9. (state.change.logger)
[2025-09-25 20:11:13,504] INFO [Broker id=1] Follower __consumer_offsets-37 starts at leader epoch 9 from offset 0 with partition epoch 9 and high watermark 0. Current leader is -1. Previous leader Some(-1) and previous leader epoch was 9. (state.change.logger)
[2025-09-25 20:11:13,504] INFO [Broker id=1] Follower __consumer_offsets-4 starts at leader epoch 9 from offset 25 with partition epoch 9 and high watermark 25. Current leader is -1. Previous leader Some(-1) and previous leader epoch was 9. (state.change.logger)
[2025-09-25 20:11:13,504] INFO [Broker id=1] Follower __consumer_offsets-33 starts at leader epoch 9 from offset 0 with partition epoch 9 and high watermark 0. Current leader is -1. Previous leader Some(-1) and previous leader epoch was 9. (state.change.logger)
[2025-09-25 20:11:13,504] INFO [Broker id=1] Follower __consumer_offsets-15 starts at leader epoch 9 from offset 0 with partition epoch 9 and high watermark 0. Current leader is -1. Previous leader Some(-1) and previous leader epoch was 9. (state.change.logger)
[2025-09-25 20:11:13,505] INFO [Broker id=1] Follower __consumer_offsets-48 starts at leader epoch 9 from offset 0 with partition epoch 9 and high watermark 0. Current leader is -1. Previous leader Some(-1) and previous leader epoch was 9. (state.change.logger)
[2025-09-25 20:11:13,505] INFO [Broker id=1] Follower __consumer_offsets-11 starts at leader epoch 9 from offset 0 with partition epoch 9 and high watermark 0. Current leader is -1. Previous leader Some(-1) and previous leader epoch was 9. (state.change.logger)
[2025-09-25 20:11:13,505] INFO [Broker id=1] Follower __consumer_offsets-44 starts at leader epoch 9 from offset 0 with partition epoch 9 and high watermark 0. Current leader is -1. Previous leader Some(-1) and previous leader epoch was 9. (state.change.logger)
[2025-09-25 20:11:13,505] INFO [Broker id=1] Follower __consumer_offsets-23 starts at leader epoch 9 from offset 0 with partition epoch 9 and high watermark 0. Current leader is -1. Previous leader Some(-1) and previous leader epoch was 9. (state.change.logger)
[2025-09-25 20:11:13,505] INFO [Broker id=1] Follower __consumer_offsets-19 starts at leader epoch 9 from offset 0 with partition epoch 9 and high watermark 0. Current leader is -1. Previous leader Some(-1) and previous leader epoch was 9. (state.change.logger)
[2025-09-25 20:11:13,505] INFO [Broker id=1] Follower __consumer_offsets-32 starts at leader epoch 9 from offset 0 with partition epoch 9 and high watermark 0. Current leader is -1. Previous leader Some(-1) and previous leader epoch was 9. (state.change.logger)
[2025-09-25 20:11:13,505] INFO [Broker id=1] Follower __consumer_offsets-28 starts at leader epoch 9 from offset 0 with partition epoch 9 and high watermark 0. Current leader is -1. Previous leader Some(-1) and previous leader epoch was 9. (state.change.logger)
[2025-09-25 20:11:13,505] INFO [Broker id=1] Follower __consumer_offsets-7 starts at leader epoch 9 from offset 0 with partition epoch 9 and high watermark 0. Current leader is -1. Previous leader Some(-1) and previous leader epoch was 9. (state.change.logger)
[2025-09-25 20:11:13,505] INFO [Broker id=1] Follower __consumer_offsets-40 starts at leader epoch 9 from offset 0 with partition epoch 9 and high watermark 0. Current leader is -1. Previous leader Some(-1) and previous leader epoch was 9. (state.change.logger)
[2025-09-25 20:11:13,505] INFO [Broker id=1] Follower empleados-creado-0 starts at leader epoch 9 from offset 5 with partition epoch 9 and high watermark 5. Current leader is -1. Previous leader Some(-1) and previous leader epoch was 9. (state.change.logger)
[2025-09-25 20:11:13,505] INFO [Broker id=1] Follower __consumer_offsets-3 starts at leader epoch 9 from offset 0 with partition epoch 9 and high watermark 0. Current leader is -1. Previous leader Some(-1) and previous leader epoch was 9. (state.change.logger)
[2025-09-25 20:11:13,505] INFO [Broker id=1] Follower __consumer_offsets-36 starts at leader epoch 9 from offset 0 with partition epoch 9 and high watermark 0. Current leader is -1. Previous leader Some(-1) and previous leader epoch was 9. (state.change.logger)
[2025-09-25 20:11:13,505] INFO [Broker id=1] Follower __consumer_offsets-47 starts at leader epoch 9 from offset 0 with partition epoch 9 and high watermark 0. Current leader is -1. Previous leader Some(-1) and previous leader epoch was 9. (state.change.logger)
[2025-09-25 20:11:13,505] INFO [Broker id=1] Follower __consumer_offsets-14 starts at leader epoch 9 from offset 0 with partition epoch 9 and high watermark 0. Current leader is -1. Previous leader Some(-1) and previous leader epoch was 9. (state.change.logger)
[2025-09-25 20:11:13,505] INFO [Broker id=1] Follower __consumer_offsets-43 starts at leader epoch 9 from offset 0 with partition epoch 9 and high watermark 0. Current leader is -1. Previous leader Some(-1) and previous leader epoch was 9. (state.change.logger)
[2025-09-25 20:11:13,505] INFO [Broker id=1] Follower empleados-creados-0 starts at leader epoch 9 from offset 10 with partition epoch 9 and high watermark 10. Current leader is -1. Previous leader Some(-1) and previous leader epoch was 9. (state.change.logger)
[2025-09-25 20:11:13,505] INFO [Broker id=1] Follower __consumer_offsets-10 starts at leader epoch 9 from offset 0 with partition epoch 9 and high watermark 0. Current leader is -1. Previous leader Some(-1) and previous leader epoch was 9. (state.change.logger)
[2025-09-25 20:11:13,505] INFO [Broker id=1] Follower __consumer_offsets-22 starts at leader epoch 9 from offset 0 with partition epoch 9 and high watermark 0. Current leader is -1. Previous leader Some(-1) and previous leader epoch was 9. (state.change.logger)
[2025-09-25 20:11:13,505] INFO [Broker id=1] Follower __consumer_offsets-18 starts at leader epoch 9 from offset 0 with partition epoch 9 and high watermark 0. Current leader is -1. Previous leader Some(-1) and previous leader epoch was 9. (state.change.logger)
[2025-09-25 20:11:13,505] INFO [Broker id=1] Follower __consumer_offsets-31 starts at leader epoch 9 from offset 0 with partition epoch 9 and high watermark 0. Current leader is -1. Previous leader Some(-1) and previous leader epoch was 9. (state.change.logger)
[2025-09-25 20:11:13,505] INFO [Broker id=1] Follower __consumer_offsets-27 starts at leader epoch 9 from offset 0 with partition epoch 9 and high watermark 0. Current leader is -1. Previous leader Some(-1) and previous leader epoch was 9. (state.change.logger)
[2025-09-25 20:11:13,506] INFO [Broker id=1] Follower empleados-actualizados-0 starts at leader epoch 5 from offset 1 with partition epoch 5 and high watermark 1. Current leader is -1. Previous leader Some(-1) and previous leader epoch was 5. (state.change.logger)
[2025-09-25 20:11:13,506] INFO [Broker id=1] Follower empleados-eliminados-0 starts at leader epoch 5 from offset 1 with partition epoch 5 and high watermark 1. Current leader is -1. Previous leader Some(-1) and previous leader epoch was 5. (state.change.logger)
[2025-09-25 20:11:13,506] INFO [Broker id=1] Follower __consumer_offsets-39 starts at leader epoch 9 from offset 0 with partition epoch 9 and high watermark 0. Current leader is -1. Previous leader Some(-1) and previous leader epoch was 9. (state.change.logger)
[2025-09-25 20:11:13,506] INFO [Broker id=1] Follower __consumer_offsets-6 starts at leader epoch 9 from offset 3 with partition epoch 9 and high watermark 3. Current leader is -1. Previous leader Some(-1) and previous leader epoch was 9. (state.change.logger)
[2025-09-25 20:11:13,506] INFO [Broker id=1] Follower __consumer_offsets-35 starts at leader epoch 9 from offset 0 with partition epoch 9 and high watermark 0. Current leader is -1. Previous leader Some(-1) and previous leader epoch was 9. (state.change.logger)
[2025-09-25 20:11:13,506] INFO [Broker id=1] Follower __consumer_offsets-2 starts at leader epoch 9 from offset 0 with partition epoch 9 and high watermark 0. Current leader is -1. Previous leader Some(-1) and previous leader epoch was 9. (state.change.logger)
[2025-09-25 20:11:13,512] INFO [Broker id=1] Stopped fetchers as part of controlled shutdown for 54 partitions (state.change.logger)
